// Jest Snapshot v1, https://goo.gl/fbAQLP

exports[`ParallelWorker should throw an error when .setHandler() is not called 1`] = `"Handling payload behavior is not defined. Please call \\".setHandler()\\""`;

exports[`ParallelWorker should throw an error when .setLoadNextRange() is not called 1`] = `"Fetching next payload behavior is not defined. Please call \\".setFetchNext()\\""`;
